[academo.org/demos/logic-gate-simulator/index.html]
[backblue.gif]
[fade.gif]
[index.html]
[academo.org/scss/main45bf.css]
[maxcdn.bootstrapcdn.com/font-awesome/4.5.0/css/font-awesome.min.css]
[academo.org/demos/logic-gate-simulator/graph-paper.png]
[contextual.media.net/dmedianet9d1b.js]
[apis.google.com/js/platform.js]
[academo.org/demos/logic-gate-simulator/symbols/not.svg]
[academo.org/demos/logic-gate-simulator/symbols/and.svg]
[academo.org/demos/logic-gate-simulator/symbols/nand.svg]
[academo.org/demos/logic-gate-simulator/symbols/or.svg]
[academo.org/demos/logic-gate-simulator/symbols/nor.svg]
[ajax.googleapis.com/ajax/libs/jquery/1.10.2/jquery.min.js]
[academo.org/demos/logic-gate-simulator/symbols/xor.svg]
[academo.org/js/all45bf.js]
[academo.org/demos/logic-gate-simulator/index.html]
[academo.org/demos/logic-gate-simulator/animation3552.js]
[www.google-analytics.com/analytics.js]
[academo.org/img/social-media-sprite.png]
[academo.org/demos/logic-gate-simulator/dom.jsPlumb-1.7.2-min3552.js]
[academo.org/scss/main45bf.css]
[maxcdn.bootstrapcdn.com/font-awesome/4.5.0/css/font-awesome.min.css]
[academo.org/demos/logic-gate-simulator/symbols/not.svg]
[academo.org/demos/logic-gate-simulator/symbols/and.svg]
[academo.org/demos/logic-gate-simulator/symbols/nand.svg]
[academo.org/demos/logic-gate-simulator/symbols/or.svg]
[academo.org/demos/logic-gate-simulator/symbols/nor.svg]
[academo.org/demos/logic-gate-simulator/symbols/xor.svg]
